aaa,bbb,ccc
"a""aa",bbb,ccc
"a
aa""a
a","b""b","cc""c"
