a,b,c,d,e,f,x,y,z
1,2,3,4,5,6,,,
11,12,13,14,15,16,,,
,,4,2,,,1,3,5
,,9,7,,,6,8,10
